Archive member included to satisfy reference by file (symbol)

/usr/bin/../lib/gcc/arm-none-eabi/7.3.1/thumb/v7-m/libgcc.a(_aeabi_ldivmod.o)
                              rtos.o (__aeabi_ldivmod)
/usr/bin/../lib/gcc/arm-none-eabi/7.3.1/thumb/v7-m/libgcc.a(_aeabi_uldivmod.o)
                              rtos.o (__aeabi_uldivmod)
/usr/bin/../lib/gcc/arm-none-eabi/7.3.1/thumb/v7-m/libgcc.a(_udivmoddi4.o)
                              /usr/bin/../lib/gcc/arm-none-eabi/7.3.1/thumb/v7-m/libgcc.a(_aeabi_ldivmod.o) (__udivmoddi4)
/usr/bin/../lib/gcc/arm-none-eabi/7.3.1/thumb/v7-m/libgcc.a(_dvmd_tls.o)
                              /usr/bin/../lib/gcc/arm-none-eabi/7.3.1/thumb/v7-m/libgcc.a(_aeabi_ldivmod.o) (__aeabi_ldiv0)
/usr/bin/../lib/gcc/arm-none-eabi/7.3.1/../../../../arm-none-eabi/lib/thumb/v7-m/libc.a(lib_a-memcpy.o)
                              main.o (memcpy)

Allocating common symbols
Common symbol       size              file

__dso_handle        0x4               bmptk_cortex.o

Discarded input sections

 .data          0x0000000000000000        0x0 switch_to.o
 .bss           0x0000000000000000        0x0 switch_to.o
 .group         0x0000000000000000        0xc coroutine.o
 .text          0x0000000000000000        0x0 coroutine.o
 .data          0x0000000000000000        0x0 coroutine.o
 .bss           0x0000000000000000        0x0 coroutine.o
 .text._ZN3due11ad_pin_infoENS_7ad_pinsE
                0x0000000000000000       0x1c coroutine.o
 .text._ZN3due11ad_seq_infoEm
                0x0000000000000000       0x20 coroutine.o
 .text._ZN5hwlib19uart_char_availableEv
                0x0000000000000000        0x4 coroutine.o
 .text._ZN5hwlib9uart_getcEv
                0x0000000000000000        0x4 coroutine.o
 .rodata._ZZN3due11ad_pin_infoENS_7ad_pinsEE17ad_pin_info_array
                0x0000000000000000        0xc coroutine.o
 .rodata._ZZN3due11ad_seq_infoEmE12ad_seq_array
                0x0000000000000000       0x70 coroutine.o
 .group         0x0000000000000000        0x8 rtos.o
 .group         0x0000000000000000        0x8 rtos.o
 .group         0x0000000000000000        0xc rtos.o
 .group         0x0000000000000000        0xc rtos.o
 .group         0x0000000000000000        0xc rtos.o
 .group         0x0000000000000000        0xc rtos.o
 .group         0x0000000000000000        0xc rtos.o
 .group         0x0000000000000000        0xc rtos.o
 .group         0x0000000000000000        0xc rtos.o
 .group         0x0000000000000000        0xc rtos.o
 .group         0x0000000000000000        0xc rtos.o
 .group         0x0000000000000000        0xc rtos.o
 .group         0x0000000000000000        0xc rtos.o
 .group         0x0000000000000000        0xc rtos.o
 .text          0x0000000000000000        0x0 rtos.o
 .data          0x0000000000000000        0x0 rtos.o
 .bss           0x0000000000000000        0x0 rtos.o
 .text._ZN6sam3xa10SystemInitEv
                0x0000000000000000       0x7c rtos.o
 .text._ZN3due8pin_infoENS_4pinsE
                0x0000000000000000       0x20 rtos.o
 .text._ZN3due11ad_pin_infoENS_7ad_pinsE
                0x0000000000000000       0x1c rtos.o
 .text._ZN3due11ad_seq_infoEm
                0x0000000000000000       0x20 rtos.o
 .text._ZN3due14port_registersEm
                0x0000000000000000       0x54 rtos.o
 .text._ZN3due12ticks_per_usEv
                0x0000000000000000        0x6 rtos.o
 .text._ZN3due9now_ticksEv
                0x0000000000000000       0x80 rtos.o
 .text._ZN5hwlib9uart_putcEc
                0x0000000000000000        0x4 rtos.o
 .text._ZN5hwlib19uart_char_availableEv
                0x0000000000000000        0x4 rtos.o
 .text._ZN5hwlib9uart_getcEv
                0x0000000000000000        0x4 rtos.o
 .text._ZNK4rtos5eventneERKS0_
                0x0000000000000000       0x3c rtos.o
 .text._ZNK4rtos5eventneERKNS_8waitableE
                0x0000000000000000       0x1c rtos.o
 .text._ZNK4rtos5event5printERN5hwlib7ostreamE
                0x0000000000000000       0x30 rtos.o
 .text._ZN4rtos5timer5startEm
                0x0000000000000000        0xe rtos.o
 .text._ZN4rtos5mutex4waitEv
                0x0000000000000000       0x30 rtos.o
 .text._ZN4rtos5mutex6signalEv
                0x0000000000000000       0x50 rtos.o
 .text._ZN4rtos5mutexD2Ev
                0x0000000000000000       0x28 rtos.o
 .text._ZlsRN5hwlib7ostreamERKN4rtos9task_baseE
                0x0000000000000000       0x12 rtos.o
 .text._ZlsRN5hwlib7ostreamERKN4rtos4flagE
                0x0000000000000000       0x12 rtos.o
 .text._ZlsRN5hwlib7ostreamERKN4rtos5eventE
                0x0000000000000000       0x10 rtos.o
 .text._ZlsRN5hwlib7ostreamERKN4rtos5timerE
                0x0000000000000000       0x12 rtos.o
 .text._ZlsRN5hwlib7ostreamERKN4rtos5clockE
                0x0000000000000000       0x12 rtos.o
 .text._ZlsRN5hwlib7ostreamERKN4rtos12channel_baseE
                0x0000000000000000       0x12 rtos.o
 .text._ZlsRN5hwlib7ostreamERKN4rtos5mutexE
[...]
Memory Configuration

Name             Origin             Length             Attributes
rom              0x0000000000000000 0x0000000000080000 xr
ram              0x0000000020000000 0x0000000000018000 xrw
nul              0x0000000020018000 0x0000000000000000 xrw
*default*        0x0000000000000000 0xffffffffffffffff

Linker script and memory map

LOAD /usr/bin/../lib/gcc/arm-none-eabi/7.3.1/thumb/v7-m/libgcc.a
LOAD switch_to.o
LOAD coroutine.o
LOAD rtos.o
LOAD hwlib.o
LOAD main.o
LOAD bmptk_cortex.o
LOAD bmptk_heap_bmptk.o
LOAD bmptk_fixed_size_stack.o
LOAD /usr/bin/../lib/gcc/arm-none-eabi/7.3.1/../../../../arm-none-eabi/lib/thumb/v7-m/libm.a
LOAD /usr/bin/../lib/gcc/arm-none-eabi/7.3.1/thumb/v7-m/libgcc.a
LOAD /usr/bin/../lib/gcc/arm-none-eabi/7.3.1/../../../../arm-none-eabi/lib/thumb/v7-m/libc.a
                0x0000000000000000                __rom_start = ORIGIN (rom)
                0x0000000000080000                __rom_size = LENGTH (rom)
                0x0000000000080000                __rom_end = (__rom_start + __rom_size)
                0x0000000020000000                __ram_start = ORIGIN (ram)
                0x0000000000018000                __ram_size = LENGTH (ram)
                0x0000000020018000                __ram_end = (__ram_start + __ram_size)
                [!provide]                        PROVIDE (__rom_start = __rom_start)
                [!provide]                        PROVIDE (__rom_size = __rom_size)
                [!provide]                        PROVIDE (__rom_end = __rom_end)
                [!provide]                        PROVIDE (__ram_start = __ram_start)
                [!provide]                        PROVIDE (__ram_size = __ram_size)
                [!provide]                        PROVIDE (__ram_end = __ram_end)

.text           0x0000000000000000     0x50ec
                0x0000000000000000                . = ALIGN (0x4)
                0x0000000000000000                __text_start = .
                [!provide]                        PROVIDE (__text_start = __text_start)
                0x0000000000000000                . = ALIGN (0x4)
 *(.vectors)
 .vectors       0x0000000000000000       0x20 bmptk_cortex.o
                0x0000000000000000                __vectors
                0x0000000000000020                . = ALIGN (0x4)
 *(.text .text.* .gnu.linkonce.t.*)
 .text          0x0000000000000020       0x24 switch_to.o
                0x0000000000000020                switch_from_to
 .text._ZN6sam3xa10SystemInitEv
                0x0000000000000044       0x7c coroutine.o
                0x0000000000000044                sam3xa::SystemInit()
 .text._ZN3due8pin_infoENS_4pinsE
                0x00000000000000c0       0x20 coroutine.o
                0x00000000000000c0                due::pin_info(due::pins)
 .text._ZN3due14port_registersEm
                0x00000000000000e0       0x54 coroutine.o
                0x00000000000000e0                due::port_registers(unsigned long)
 .text._ZN3due12ticks_per_usEv
                0x0000000000000134        0x6 coroutine.o
                0x0000000000000134                due::ticks_per_us()
 *fill*         0x000000000000013a        0x2 
 .text._ZN3due9now_ticksEv
                0x000000000000013c       0x80 coroutine.o
                0x000000000000013c                due::now_ticks()
 .text._ZN5hwlib9uart_putcEc
                0x00000000000001bc        0x4 coroutine.o
                0x00000000000001bc                hwlib::uart_putc(char)
 .text._ZN4rtos8callback6cancelEv
                0x00000000000001c0        0xa rtos.o
                0x00000000000001c0                rtos::callback::cancel()
 .text._ZN5hwlib7ostream7reverse10add_prefixERKS0_.part.2
                0x00000000000001ca       0x4c rtos.o
 .text._ZN5hwlib7ostreamlsEc
                0x0000000000000216        0xe rtos.o
                0x0000000000000216                hwlib::ostream::operator<<(char)
 .text._ZN5hwliblsERNS_7ostreamEPKc
                0x0000000000000224       0x66 rtos.o
                0x0000000000000224                hwlib::operator<<(hwlib::ostream&, char const*)
 .text._ZN5hwliblsERNS_7ostreamEi
                0x000000000000028a       0x92 rtos.o
                0x000000000000028a                hwlib::operator<<(hwlib::ostream&, int)
 .text._ZN5hwliblsERNS_7ostreamEx
                0x000000000000031c       0xc4 rtos.o
                0x000000000000031c                hwlib::operator<<(hwlib::ostream&, long long)
 .text._ZN5hwliblsERNS_7ostreamEj
                0x00000000000003e0        0xc rtos.o
                0x00000000000003e0                hwlib::operator<<(hwlib::ostream&, unsigned int)
 .text._Z6strlenPKc
                0x00000000000003ec       0x10 rtos.o
                0x00000000000003ec                strlen(char const*)
 .text._Z6strcpyPcPKc
                0x00000000000003fc       0x14 rtos.o
                0x00000000000003fc                strcpy(char*, char const*)
 .text._Z15string_allocatePKc
                0x0000000000000410       0x26 rtos.o
                0x0000000000000410                string_allocate(char const*)
 .text._Z12nr_from_maskj
                0x0000000000000436       0x1a rtos.o
                0x0000000000000436                nr_from_mask(unsigned int)
 .text._Z15task_trampolinev
                0x0000000000000450       0x34 rtos.o
                0x0000000000000450                task_trampoline()
 .text._ZN4rtos9task_base7releaseEv
                0x0000000000000484       0x24 rtos.o
                0x0000000000000484                rtos::task_base::release()
 .text._ZN4rtos9task_base7suspendEv
                0x00000000000004a8        0x8 rtos.o
                0x00000000000004a8                rtos::task_base::suspend()
 .text._ZN4rtos9task_base6resumeEv
                0x00000000000004b0        0x8 rtos.o
                0x00000000000004b0                rtos::task_base::resume()
 .text._ZN4rtos9task_base7unblockEv
                0x00000000000004b8       0x14 rtos.o
                0x00000000000004b8                rtos::task_base::unblock()
 .text._ZN4rtos9task_base5blockEv
                0x00000000000004cc       0x70 rtos.o
                0x00000000000004cc                rtos::task_base::block()
 .text._ZNK4rtos9task_base5printERN5hwlib7ostreamEb
                0x000000000000053c      0x154 rtos.o
                0x000000000000053c                rtos::task_base::print(hwlib::ostream&, bool) const
 .text._ZNK4rtos5eventeqERKS0_
                0x0000000000000690       0x3c rtos.o
                0x0000000000000690                rtos::event::operator==(rtos::event const&) const
 .text._ZNK4rtos5eventeqERKNS_8waitableE
                0x00000000000006cc       0x1c rtos.o
                0x00000000000006cc                rtos::event::operator==(rtos::waitable const&) const
 .text._ZNK4rtos5eventplERKS0_
                0x00000000000006e8       0x3c rtos.o
                0x00000000000006e8                rtos::event::operator+(rtos::event const&) const
 .text._ZNK4rtos4flag5printERN5hwlib7ostreamEb
                0x0000000000000724       0xcc rtos.o
                0x0000000000000724                rtos::flag::print(hwlib::ostream&, bool) const
 .text._ZN4rtos5timer3setEm
                0x00000000000007f0        0xe rtos.o
                0x00000000000007f0                rtos::timer::set(unsigned long)
 *fill*         0x00000000000007fe        0x2 
 .text._ZNK4rtos5timer5printERN5hwlib7ostreamEb
                0x0000000000000800       0xd0 rtos.o
                0x0000000000000800                rtos::timer::print(hwlib::ostream&, bool) const
 .text._ZNK4rtos5clock5printERN5hwlib7ostreamEb
                0x00000000000008d0       0xd4 rtos.o
                0x00000000000008d0                rtos::clock::print(hwlib::ostream&, bool) const
 .text._ZN4rtos12waitable_set17waitable_allocateEv
                0x00000000000009a4       0x38 rtos.o
                0x00000000000009a4                rtos::waitable_set::waitable_allocate()
 .text._ZN4rtos8waitableC2EPNS_9task_baseEPKc
                0x00000000000009dc       0x2c rtos.o
                0x00000000000009dc                rtos::waitable::waitable(rtos::task_base*, char const*)
                0x00000000000009dc                rtos::waitable::waitable(rtos::task_base*, char const*)
 .text._ZN4rtos12waitable_set3setERKNS_8waitableE
                0x0000000000000a08       0x14 rtos.o
                0x0000000000000a08                rtos::waitable_set::set(rtos::waitable const&)
 .text._ZN4rtos5clock7time_upEv
                0x0000000000000a1c       0x38 rtos.o
                0x0000000000000a1c                rtos::clock::time_up()
 .text._ZThn16_N4rtos5clock7time_upEv
                0x0000000000000a54        0x8 rtos.o
                0x0000000000000a54                non-virtual thunk to rtos::clock::time_up()
 .text._ZN4rtos5timer7time_upEv
                0x0000000000000a5c       0x10 rtos.o
                0x0000000000000a5c                rtos::timer::time_up()
                0x0000000000000a66                non-virtual thunk to rtos::timer::time_up()
 .text._ZN4rtos4flag3setEv
                0x0000000000000a6c       0x10 rtos.o
                0x0000000000000a6c                rtos::flag::set()
 .text._ZN4rtos12waitable_set5clearERKNS_8waitableE
                0x0000000000000a7c        0xc rtos.o
                0x0000000000000a7c                rtos::waitable_set::clear(rtos::waitable const&)
 .text._ZN4rtos8waitable5clearEv
                0x0000000000000a88        0xa rtos.o
                0x0000000000000a88                rtos::waitable::clear()
 .text._ZN4rtos5timer6cancelEv
                0x0000000000000a92       0x16 rtos.o
                0x0000000000000a92                rtos::timer::cancel()
 .text._ZThn16_N4rtos5timer6cancelEv
                0x0000000000000aa8        0x8 rtos.o
                0x0000000000000aa8                non-virtual thunk to rtos::timer::cancel()
 .text._ZN4rtos5clock5clearEv
                0x0000000000000ab0        0x8 rtos.o
                0x0000000000000ab0                rtos::clock::clear()
 .text._ZN4rtos12waitable_set4waitEj
                0x0000000000000ab8       0x64 rtos.o
                0x0000000000000ab8                rtos::waitable_set::wait(unsigned int)
 .text._ZNK4rtos5mutex5printERN5hwlib7ostreamEb
                0x0000000000000b1c       0xec rtos.o
                0x0000000000000b1c                rtos::mutex::print(hwlib::ostream&, bool) const
 .text._ZNK4rtos12channel_base5printERN5hwlib7ostreamEb
                0x0000000000000c08       0xe0 rtos.o
                0x0000000000000c08                rtos::channel_base::print(hwlib::ostream&, bool) const
 .text._ZNK4rtos9pool_base5printERN5hwlib7ostreamEb
                0x0000000000000ce8       0x78 rtos.o
                0x0000000000000ce8                rtos::pool_base::print(hwlib::ostream&, bool) const
 .text._ZNK4rtos12mailbox_base5printERN5hwlib7ostreamEb
                0x0000000000000d60       0xc4 rtos.o
                0x0000000000000d60                rtos::mailbox_base::print(hwlib::ostream&, bool) const
 .text._ZN4rtos3addEPNS_4flagE
                0x0000000000000e24       0x10 rtos.o
                0x0000000000000e24                rtos::add(rtos::flag*)
 .text._ZN4rtos4flagC2EPNS_9task_baseEPKc
                0x0000000000000e34       0x20 rtos.o
                0x0000000000000e34                rtos::flag::flag(rtos::task_base*, char const*)
                0x0000000000000e34                rtos::flag::flag(rtos::task_base*, char const*)
 .text._ZN4rtos3addEPNS_5timerE
                0x0000000000000e54       0x10 rtos.o
                0x0000000000000e54                rtos::add(rtos::timer*)
 .text._ZN4rtos3addEPNS_5clockE
                0x0000000000000e64       0x10 rtos.o
                0x0000000000000e64                rtos::add(rtos::clock*)
 .text._ZN4rtos3addEPNS_12channel_baseE
                0x0000000000000e74       0x10 rtos.o
                0x0000000000000e74                rtos::add(rtos::channel_base*)
 .text._ZN4rtos12channel_baseC2EPNS_9task_baseEPKc
                0x0000000000000e84       0x30 rtos.o
                0x0000000000000e84                rtos::channel_base::channel_base(rtos::task_base*, char const*)
                0x0000000000000e84                rtos::channel_base::channel_base(rtos::task_base*, char const*)
 .text._ZN4rtos3addEPNS_9pool_baseE
                0x0000000000000eb4       0x10 rtos.o
                0x0000000000000eb4                rtos::add(rtos::pool_base*)
 .text._ZN4rtos9pool_baseC2EPKc
                0x0000000000000ec4       0x1a rtos.o
                0x0000000000000ec4                rtos::pool_base::pool_base(char const*)
                0x0000000000000ec4                rtos::pool_base::pool_base(char const*)
 *fill*         0x0000000000000ede        0x2 
 .text._ZN4rtos5printERN5hwlib7ostreamE
                0x0000000000000ee0      0x1b4 rtos.o
                0x0000000000000ee0                rtos::print(hwlib::ostream&)
 .text._ZN4rtos4beatEv
                0x0000000000001094      0x148 rtos.o
                0x0000000000001094                rtos::beat()
 .text._ZN4rtos3runEv
                0x00000000000011dc       0x20 rtos.o
                0x00000000000011dc                rtos::run()
 .text._ZN4rtos3addEPNS_8callbackE
                0x00000000000011fc       0x10 rtos.o
                0x00000000000011fc                rtos::add(rtos::callback*)
 .text._ZN4rtos8callbackC2EPKc
                0x000000000000120c       0x28 rtos.o
                0x000000000000120c                rtos::callback::callback(char const*)
                0x000000000000120c                rtos::callback::callback(char const*)
 .text._ZN4rtos5timerC2EPNS_9task_baseEPKc
                0x0000000000001234       0x34 rtos.o
                0x0000000000001234                rtos::timer::timer(rtos::task_base*, char const*)
                0x0000000000001234                rtos::timer::timer(rtos::task_base*, char const*)
 .text._ZN4rtos5clockC2EPNS_9task_baseEmPKc
                0x0000000000001268       0x3c rtos.o
                0x0000000000001268                rtos::clock::clock(rtos::task_base*, unsigned long, char const*)
                0x0000000000001268                rtos::clock::clock(rtos::task_base*, unsigned long, char const*)
 .text._ZN4rtos3addEPNS_9task_baseE
                0x00000000000012a4       0x74 rtos.o
                0x00000000000012a4                rtos::add(rtos::task_base*)
 .text._ZN4rtos9task_baseC2ER9coroutineILl0EEjPKc
                0x0000000000001318       0x4c rtos.o
                0x0000000000001318                rtos::task_base::task_base(coroutine<0l>&, unsigned int, char const*)
                0x0000000000001318                rtos::task_base::task_base(coroutine<0l>&, unsigned int, char const*)
 .text._ZN5hwlib7wait_usEi
                0x0000000000001364       0x3c rtos.o
                0x0000000000001364                hwlib::wait_us(int)
 .text._ZN5hwlib7wait_msEi
                0x00000000000013a0       0x16 rtos.o
                0x00000000000013a0                hwlib::wait_ms(int)
 .text._ZN5hwlib14pin_in_dummy_t4readEv
                0x00000000000013b6        0x4 hwlib.o
                0x00000000000013b6                hwlib::pin_in_dummy_t::read()
 .text._ZN5hwlib14pin_in_dummy_t7refreshEv
                0x00000000000013ba        0x2 hwlib.o
                0x00000000000013ba                hwlib::pin_in_dummy_t::refresh()
 .text._ZN5hwlib14pin_oc_dummy_t5writeEb
                0x00000000000013bc        0x2 hwlib.o
                0x00000000000013bc                hwlib::pin_oc_dummy_t::write(bool)
 .text._ZN5hwlib14pin_oc_dummy_t4readEv
                0x00000000000013be        0x4 hwlib.o
                0x00000000000013be                hwlib::pin_oc_dummy_t::read()
 .text._ZN5hwlib14pin_oc_dummy_t5flushEv
                0x00000000000013c2        0x2 hwlib.o
                0x00000000000013c2                hwlib::pin_oc_dummy_t::flush()
 .text._ZN5hwlib14pin_oc_dummy_t7refreshEv
                0x00000000000013c4        0x2 hwlib.o
                0x00000000000013c4                hwlib::pin_oc_dummy_t::refresh()
 .text._ZN5hwlib19port_in_from_pins_t14number_of_pinsEv
                0x00000000000013c6        0x4 hwlib.o
                0x00000000000013c6                hwlib::port_in_from_pins_t::number_of_pins()
 .text._ZN5hwlib19port_in_from_pins_t4readEv
                0x00000000000013ca       0x2a hwlib.o
                0x00000000000013ca                hwlib::port_in_from_pins_t::read()
 .text._ZN5hwlib19port_in_from_pins_t7refreshEv
                0x00000000000013f4       0x20 hwlib.o
                0x00000000000013f4                hwlib::port_in_from_pins_t::refresh()
 .text._ZN5hwlib19port_oc_from_pins_t14number_of_pinsEv
                0x0000000000001414        0x4 hwlib.o
                0x0000000000001414                hwlib::port_oc_from_pins_t::number_of_pins()
 .text._ZN5hwlib19port_oc_from_pins_t4readEv
                0x0000000000001418       0x2a hwlib.o
                0x0000000000001418                hwlib::port_oc_from_pins_t::read()
 .text._ZN5hwlib19port_oc_from_pins_t5writeEj
                0x0000000000001442       0x28 hwlib.o
                0x0000000000001442                hwlib::port_oc_from_pins_t::write(unsigned int)
 .text._ZN5hwlib19port_oc_from_pins_t7refreshEv
                0x000000000000146a       0x20 hwlib.o
                0x000000000000146a                hwlib::port_oc_from_pins_t::refresh()
 .text._ZN5hwlib19port_oc_from_pins_t5flushEv
                0x000000000000148a       0x20 hwlib.o
                0x000000000000148a                hwlib::port_oc_from_pins_t::flush()
 .text._ZN5hwlib21port_direct_from_in_t14number_of_pinsEv
                0x00000000000014aa        0x8 hwlib.o
                0x00000000000014aa                hwlib::port_direct_from_in_t::number_of_pins()
 .text._ZN5hwlib21port_direct_from_in_t4readEv
                0x00000000000014b2       0x18 hwlib.o
                0x00000000000014b2                hwlib::port_direct_from_in_t::read()
 .text._ZN5hwlib21port_direct_from_in_t7refreshEv
                0x00000000000014ca        0x2 hwlib.o
                0x00000000000014ca                hwlib::port_direct_from_in_t::refresh()
 .text._ZN5hwlib21port_direct_from_oc_t14number_of_pinsEv
                0x00000000000014cc        0x8 hwlib.o
                0x00000000000014cc                hwlib::port_direct_from_oc_t::number_of_pins()
 .text._ZN5hwlib21port_direct_from_oc_t5writeEj
                0x00000000000014d4       0x18 hwlib.o
                0x00000000000014d4                hwlib::port_direct_from_oc_t::write(unsigned int)
 .text._ZN5hwlib21port_direct_from_oc_t4readEv
                0x00000000000014ec       0x18 hwlib.o
                0x00000000000014ec                hwlib::port_direct_from_oc_t::read()
 .text._ZN5hwlib21port_direct_from_oc_t5flushEv
                0x0000000000001504        0x2 hwlib.o
                0x0000000000001504                hwlib::port_direct_from_oc_t::flush()
 .text._ZN5hwlib21port_direct_from_oc_t7refreshEv
                0x0000000000001506        0x2 hwlib.o
                0x0000000000001506                hwlib::port_direct_from_oc_t::refresh()
 .text._ZN5hwlib7istream11getc_nowaitEv
                0x0000000000001508       0x1a hwlib.o
                0x0000000000001508                hwlib::istream::getc_nowait()
 .text._ZN5hwlib20cout_using_uart_putc5flushEv
                0x0000000000001522        0x2 hwlib.o
                0x0000000000001522                hwlib::cout_using_uart_putc::flush()
 .text._ZNK5hwlib9image_8x819read_implementationENS_2xyE
                0x0000000000001524       0x44 hwlib.o
                0x0000000000001524                hwlib::image_8x8::read_implementation(hwlib::xy) const
 .text._ZN5hwlib6window20clear_implementationENS_5colorE
                0x0000000000001568       0x72 hwlib.o
                0x0000000000001568                hwlib::window::clear_implementation(hwlib::color)
 .text._ZN5hwlib6window5clearENS_5colorE
                0x00000000000015da       0x56 hwlib.o
                0x00000000000015da                hwlib::window::clear(hwlib::color)
 .text._ZN5hwlib5panicEPKcj
                0x0000000000001630        0x2 hwlib.o
                0x0000000000001630                hwlib::panic(char const*, unsigned int)
 *fill*         0x0000000000001632        0x2 
 .text._ZN5hwlib10background18do_background_workEv
                0x0000000000001634       0x3c hwlib.o
                0x0000000000001634                hwlib::background::do_background_work()
 .text._ZN5hwlib3allENS_2xyE
                0x0000000000001670       0x16 hwlib.o
                0x0000000000001670                hwlib::all(hwlib::xy)
 .text._ZNK5hwlib5colorngEv
                0x0000000000001686       0x2e hwlib.o
                0x0000000000001686                hwlib::color::operator-() const
 .text._ZN5hwlib12port_in_fromERNS_6pin_inES1_S1_S1_S1_S1_S1_S1_S1_S1_S1_S1_S1_S1_S1_S1_
                0x00000000000016b4       0x68 hwlib.o
                0x00000000000016b4                hwlib::port_in_from(hwlib::pin_in&, hwlib::pin_in&, hwlib::pin_in&, hwlib::pin_in&, hwlib::pin_in&, hwlib::pin_in&, hwlib::pin_in&, hwlib::pin_in&, hwlib::pin_in&, hwlib::pin_in&, hwlib::pin_in&, hwlib::pin_in&, hwlib::pin_in&, hwlib::pin_in&, hwlib::pin_in&, hwlib::pin_in&)
 .text._ZN5hwlib12port_oc_fromERNS_6pin_ocES1_S1_S1_S1_S1_S1_S1_S1_S1_S1_S1_S1_S1_S1_S1_
                0x000000000000171c       0x68 hwlib.o
                0x000000000000171c                hwlib::port_oc_from(hwlib::pin_oc&, hwlib::pin_oc&, hwlib::pin_oc&, hwlib::pin_oc&, hwlib::pin_oc&, hwlib::pin_oc&, hwlib::pin_oc&, hwlib::pin_oc&, hwlib::pin_oc&, hwlib::pin_oc&, hwlib::pin_oc&, hwlib::pin_oc&, hwlib::pin_oc&, hwlib::pin_oc&, hwlib::pin_oc&, hwlib::pin_oc&)
 .text._ZNK5hwlib5image4readENS_2xyE
                0x0000000000001784       0x3a hwlib.o
                0x0000000000001784                hwlib::image::read(hwlib::xy) const
 .text._ZNK5hwlib14image_invert_t19read_implementationENS_2xyE
                0x00000000000017be       0x64 hwlib.o
                0x00000000000017be                hwlib::image_invert_t::read_implementation(hwlib::xy) const
 *fill*         0x0000000000001822        0x2 
 .text._ZN5hwlib6invertERKNS_5imageE
                0x0000000000001824       0x18 hwlib.o
                0x0000000000001824                hwlib::invert(hwlib::image const&)
 .text._ZN3due9uart_initEv
                0x000000000000183c       0x60 hwlib.o
                0x000000000000183c                due::uart_init()
 .text._ZN3due9uart_putcEc
                0x000000000000189c       0x20 hwlib.o
                0x000000000000189c                due::uart_putc(char)
 .text._ZN5hwlib20cout_using_uart_putc4putcEc
                0x00000000000018bc        0xa hwlib.o
                0x00000000000018bc                hwlib::cout_using_uart_putc::putc(char)
 .text._ZN5hwlib6now_usEv
                0x00000000000018c6       0x1c hwlib.o
                0x00000000000018c6                hwlib::now_us()
 .text._ZN5hwlib12wait_us_busyEi
                0x00000000000018e2       0x1c hwlib.o
                0x00000000000018e2                hwlib::wait_us_busy(int)
 .text._ZN5hwlib8terminal10cursor_setENS_2xyE
                0x00000000000018fe       0x28 main.o
                0x00000000000018fe                hwlib::terminal::cursor_set(hwlib::xy)
 .text._ZN5hwlib14i2c_primitives8read_ackEv
                0x0000000000001926       0x10 main.o
                0x0000000000001926                hwlib::i2c_primitives::read_ack()
 .text._ZN5hwlib14i2c_primitives9write_ackEv
                0x0000000000001936        0x8 main.o
                0x0000000000001936                hwlib::i2c_primitives::write_ack()
 .text._ZN5hwlib14i2c_primitives10write_nackEv
                0x000000000000193e        0x8 main.o
                0x000000000000193e                hwlib::i2c_primitives::write_nack()
 .text._ZN5hwlib14i2c_primitives5writeEh
                0x0000000000001946       0x1c main.o
                0x0000000000001946                hwlib::i2c_primitives::write(unsigned char)
 .text._ZN5hwlib14i2c_primitives5writeEPKhj
                0x0000000000001962       0x24 main.o
                0x0000000000001962                hwlib::i2c_primitives::write(unsigned char const*, unsigned int)
 .text._ZN5hwlib14i2c_primitives9read_byteEv
                0x0000000000001986       0x20 main.o
                0x0000000000001986                hwlib::i2c_primitives::read_byte()
 .text._ZN5hwlib14i2c_primitives4readEbPhj
                0x00000000000019a6       0x36 main.o
                0x00000000000019a6                hwlib::i2c_primitives::read(bool, unsigned char*, unsigned int)
 .text._ZN5hwlib13terminal_from25cursor_set_implementationENS_2xyE
                0x00000000000019dc       0x28 main.o
                0x00000000000019dc                hwlib::terminal_from::cursor_set_implementation(hwlib::xy)
 .text._ZN5hwlib13terminal_from5clearEv
                0x0000000000001a04       0x30 main.o
                0x0000000000001a04                hwlib::terminal_from::clear()
 .text._ZN5hwlib13terminal_from5flushEv
                0x0000000000001a34        0x8 main.o
                0x0000000000001a34                hwlib::terminal_from::flush()
 .text._ZNK5hwlib16font_default_8x8ixEc
                0x0000000000001a3c       0x14 main.o
                0x0000000000001a3c                hwlib::font_default_8x8::operator[](char) const
 .text._ZN5hwlib29glcd_oled_i2c_128x64_buffered20write_implementationENS_2xyENS_5colorE
                0x0000000000001a50       0x64 main.o
                0x0000000000001a50                hwlib::glcd_oled_i2c_128x64_buffered::write_implementation(hwlib::xy, hwlib::color)
 .text._ZN3due6pin_in4readEv
                0x0000000000001ab4       0x10 main.o
                0x0000000000001ab4                due::pin_in::read()
 .text._ZN3due6pin_in7refreshEv
                0x0000000000001ac4        0x2 main.o
                0x0000000000001ac4                due::pin_in::refresh()
 .text._ZN3due7pin_out5writeEb
                0x0000000000001ac6        0xe main.o
                0x0000000000001ac6                due::pin_out::write(bool)
 .text._ZN3due7pin_out5flushEv
                0x0000000000001ad4        0x2 main.o
                0x0000000000001ad4                due::pin_out::flush()
 .text._ZN3due6pin_oc4readEv
                0x0000000000001ad6       0x10 main.o
                0x0000000000001ad6                due::pin_oc::read()
 .text._ZN3due6pin_oc5writeEb
                0x0000000000001ae6       0x10 main.o
                0x0000000000001ae6                due::pin_oc::write(bool)
 .text._ZN3due6pin_oc5flushEv
                0x0000000000001af6        0x2 main.o
                0x0000000000001af6                due::pin_oc::flush()
 .text._ZN3due6pin_oc7refreshEv
                0x0000000000001af8        0x2 main.o
                0x0000000000001af8                due::pin_oc::refresh()
 *fill*         0x0000000000001afa        0x2 
 .text._ZN3due8d2_36kHz5writeEb
                0x0000000000001afc       0x18 main.o
                0x0000000000001afc                due::d2_36kHz::write(bool)
 .text._ZN3due8d2_36kHz5flushEv
                0x0000000000001b14        0x2 main.o
                0x0000000000001b14                due::d2_36kHz::flush()
 .text._ZN5hwlib6keypadILi16EE4getcEv
                0x0000000000001b16       0x24 main.o
                0x0000000000001b16                hwlib::keypad<16>::getc()
 .text._ZN4rtos7channelISt5arrayIiLj2EELi10EE5clearEv
                0x0000000000001b3a       0x10 main.o
                0x0000000000001b3a                rtos::channel<std::array<int, 2u>, 10>::clear()
 .text._ZN4rtos7channelIcLi10EE5clearEv
                0x0000000000001b4a       0x10 main.o
                0x0000000000001b4a                rtos::channel<char, 10>::clear()
 .text._ZN18transfer_hits_taak14button_pressedEc
                0x0000000000001b5a       0x1a main.o
                0x0000000000001b5a                transfer_hits_taak::button_pressed(char)
                0x0000000000001b6a                non-virtual thunk to transfer_hits_taak::button_pressed(char)
 .text._ZN13run_game_taak17player_parametersEiii
                0x0000000000001b74       0x34 main.o
                0x0000000000001b74                run_game_taak::player_parameters(int, int, int)
                0x0000000000001b9e                non-virtual thunk to run_game_taak::player_parameters(int, int, int)
 .text._ZN5hwlib8terminal4putcEc
                0x0000000000001ba8       0xde main.o
                0x0000000000001ba8                hwlib::terminal::putc(char)
 .text._ZN5hwliblsERNS_7ostreamENS_6_flushE.isra.4
                0x0000000000001c86        0xe main.o
 .text._ZN5hwlib26i2c_bus_bit_banged_scl_sda16wait_half_periodEv.isra.9
                0x0000000000001c94        0x6 main.o
 .text._ZN5hwlib26i2c_bus_bit_banged_scl_sda11write_startEv
                0x0000000000001c9a       0x34 main.o
                0x0000000000001c9a                hwlib::i2c_bus_bit_banged_scl_sda::write_start()
 .text._ZN5hwlib26i2c_bus_bit_banged_scl_sda9write_bitEb
                0x0000000000001cce       0x52 main.o
                0x0000000000001cce                hwlib::i2c_bus_bit_banged_scl_sda::write_bit(bool)
 .text._ZN5hwlib26i2c_bus_bit_banged_scl_sda8read_bitEv
                0x0000000000001d20       0x68 main.o
                0x0000000000001d20                hwlib::i2c_bus_bit_banged_scl_sda::read_bit()
 .text._ZN5hwlib26i2c_bus_bit_banged_scl_sda10write_stopEv
                0x0000000000001d88       0x60 main.o
                0x0000000000001d88                hwlib::i2c_bus_bit_banged_scl_sda::write_stop()
 .text._ZN20game_parameters_taak13check_for_numEc.isra.19
                0x0000000000001de8       0x18 main.o
 .text._ZN5hwlib13xy_iterator_tppEv
                0x0000000000001e00       0x18 main.o
                0x0000000000001e00                hwlib::xy_iterator_t::operator++()
 .text._ZN5hwlib13terminal_from19putc_implementationEc
                0x0000000000001e18      0x102 main.o
                0x0000000000001e18                hwlib::terminal_from::putc_implementation(char)
 *fill*         0x0000000000001f1a        0x2 
 .text._ZN4rtos7channelISt5arrayIiLj2EELi10EE4readEv.part.23
                0x0000000000001f1c       0x28 main.o
 .text._ZN20game_parameters_taak10signal_logEii
                0x0000000000001f44       0x50 main.o
                0x0000000000001f44                game_parameters_taak::signal_log(int, int)
                0x0000000000001f88                non-virtual thunk to game_parameters_taak::signal_log(int, int)
 .text._ZN13run_game_taak10signal_logEii
                0x0000000000001f94       0x50 main.o
                0x0000000000001f94                run_game_taak::signal_log(int, int)
                0x0000000000001fd8                non-virtual thunk to run_game_taak::signal_log(int, int)
 .text._ZN5hwlib21i2c_write_transactionC2ERNS_14i2c_primitivesEj
                0x0000000000001fe4       0x24 main.o
                0x0000000000001fe4                hwlib::i2c_write_transaction::i2c_write_transaction(hwlib::i2c_primitives&, unsigned int)
                0x0000000000001fe4                hwlib::i2c_write_transaction::i2c_write_transaction(hwlib::i2c_primitives&, unsigned int)
 .text._ZN5hwlib21i2c_write_transaction5writeEPKhj
                0x0000000000002008        0x8 main.o
                0x0000000000002008                hwlib::i2c_write_transaction::write(unsigned char const*, unsigned int)
 .text._ZN5hwlib21i2c_write_transactionD2Ev
                0x0000000000002010       0x18 main.o
                0x0000000000002010                hwlib::i2c_write_transaction::~i2c_write_transaction()
                0x0000000000002010                hwlib::i2c_write_transaction::~i2c_write_transaction()
 .text._ZN5hwlib11ssd1306_i2c7commandENS_16ssd1306_commandsEhh
                0x0000000000002028       0x3c main.o
                0x0000000000002028                hwlib::ssd1306_i2c::command(hwlib::ssd1306_commands, unsigned char, unsigned char)
 .text._ZN5hwlib29glcd_oled_i2c_128x64_buffered5flushEv
                0x0000000000002064       0x58 main.o
                0x0000000000002064                hwlib::glcd_oled_i2c_128x64_buffered::flush()
 .text._ZN3due6pin_inC2ENS_4pinsE
                0x00000000000020bc       0x34 main.o
                0x00000000000020bc                due::pin_in::pin_in(due::pins)
                0x00000000000020bc                due::pin_in::pin_in(due::pins)
 .text._ZN3due7pin_outC2ENS_4pinsE
                0x00000000000020f0       0x34 main.o
                0x00000000000020f0                due::pin_out::pin_out(due::pins)
                0x00000000000020f0                due::pin_out::pin_out(due::pins)
 .text._ZN3due6pin_ocC2ENS_4pinsE
                0x0000000000002124       0x34 main.o
                0x0000000000002124                due::pin_oc::pin_oc(due::pins)
                0x0000000000002124                due::pin_oc::pin_oc(due::pins)
 .text._ZN4rtos8waitable3setEv
                0x0000000000002158        0xa main.o
                0x0000000000002158                rtos::waitable::set()
 *fill*         0x0000000000002162        0x2 
 .text._ZN4rtos8callbackD2Ev
                0x0000000000002164       0x30 main.o
                0x0000000000002164                rtos::callback::~callback()
                0x0000000000002164                rtos::callback::~callback()
 .text._ZN4rtos9task_base4waitERKNS_8waitableE
                0x0000000000002194       0x10 main.o
                0x0000000000002194                rtos::task_base::wait(rtos::waitable const&)
 .text.startup._ZN11invoer_taak4mainEv
                0x00000000000021a4       0x6a main.o
                0x00000000000021a4                invoer_taak::main()
 *fill*         0x000000000000220e        0x2 
 .text.startup._ZN12display_taak4mainEv
                0x0000000000002210      0x118 main.o
                0x0000000000002210                display_taak::main()
 .text.startup._ZN16pulse_meter_taak4mainEv
                0x0000000000002328      0x2a2 main.o
                0x0000000000002328                pulse_meter_taak::main()
 .text.startup._ZN12decoder_taak4mainEv
                0x00000000000025ca      0x208 main.o
                0x00000000000025ca                decoder_taak::main()
 *fill*         0x00000000000027d2        0x2 
 .text.startup._ZN18transfer_hits_taak4mainEv
                0x00000000000027d4       0x9c main.o
                0x00000000000027d4                transfer_hits_taak::main()
 .text._ZN18transfer_hits_taakC2Ev
                0x0000000000002870       0x98 main.o
                0x0000000000002870                transfer_hits_taak::transfer_hits_taak()
                0x0000000000002870                transfer_hits_taak::transfer_hits_taak()
 .text._ZN9send_taak4beepERSt5arrayIiLj16EERN3due8d2_36kHzE
                0x0000000000002908       0x88 main.o
                0x0000000000002908                send_taak::beep(std::array<int, 16u>&, due::d2_36kHz&)
 .text.startup._ZN9send_taak4mainEv
                0x0000000000002990       0xc8 main.o
                0x0000000000002990                send_taak::main()
 .text._ZN4rtos4taskILi4096EEC2EPKc
                0x0000000000002a58       0x58 main.o
                0x0000000000002a58                rtos::task<4096>::task(char const*)
                0x0000000000002a58                rtos::task<4096>::task(char const*)
 .text._ZN9send_taakC2Ev
                0x0000000000002ab0       0xc4 main.o
                0x0000000000002ab0                send_taak::send_taak()
                0x0000000000002ab0                send_taak::send_taak()
 .text.startup.main
                0x0000000000002b74      0x558 main.o
                0x0000000000002b74                main
 .text._ZN4rtos7channelISt5arrayIiLj2EELi10EE5writeES2_
                0x00000000000030cc       0x4e main.o
                0x00000000000030cc                rtos::channel<std::array<int, 2u>, 10>::write(std::array<int, 2u>)
 .text._ZN4rtos7channelIcLi10EE5writeEc
                0x000000000000311a       0x32 main.o
                0x000000000000311a                rtos::channel<char, 10>::write(char)
 .text._ZN14init_game_taak14button_pressedEc
                0x000000000000314c       0x18 main.o
                0x000000000000314c                init_game_taak::button_pressed(char)
                0x000000000000315a                non-virtual thunk to init_game_taak::button_pressed(char)
 .text._ZN20game_parameters_taak14button_pressedEc
                0x0000000000003164       0x18 main.o
                0x0000000000003164                game_parameters_taak::button_pressed(char)
                0x0000000000003172                non-virtual thunk to game_parameters_taak::button_pressed(char)
 .text._ZN13run_game_taak14button_pressedEc
                0x000000000000317c       0x18 main.o
                0x000000000000317c                run_game_taak::button_pressed(char)
                0x000000000000318a                non-virtual thunk to run_game_taak::button_pressed(char)
 .text._ZN4rtos7channelIcLi10EE4readEv
                0x0000000000003194       0x46 main.o
                0x0000000000003194                rtos::channel<char, 10>::read()
 .text.startup._ZN14init_game_taak4mainEv
                0x00000000000031da      0x120 main.o
                0x00000000000031da                init_game_taak::main()
 *fill*         0x00000000000032fa        0x2 
 .text.startup._ZN20game_parameters_taak4mainEv
                0x00000000000032fc      0x178 main.o
                0x00000000000032fc                game_parameters_taak::main()
 .text.startup._ZN13run_game_taak4mainEv
                0x0000000000003474      0x2ec main.o
                0x0000000000003474                run_game_taak::main()
 .text._ZN5hwlib6keypadILi16EE7pressedEv
                0x0000000000003760       0x78 main.o
                0x0000000000003760                hwlib::keypad<16>::pressed()
 .text._ZN5hwlib6keypadILi16EE14char_availableEv
                0x00000000000037d8       0x4a main.o
                0x00000000000037d8                hwlib::keypad<16>::char_available()
 *fill*         0x0000000000003822        0x2 
 .text.__startup
                0x0000000000003824       0x48 bmptk_cortex.o
                0x0000000000003824                __startup
 .text.__cxa_pure_virtual
                0x000000000000386c        0x2 bmptk_cortex.o
                0x000000000000386c                __cxa_pure_virtual
 *fill*         0x000000000000386e        0x2 
 .text.malloc   0x0000000000003870       0x24 bmptk_heap_bmptk.o
                0x0000000000003870                malloc
 .text          0x0000000000003894       0xa0 /usr/bin/../lib/gcc/arm-none-eabi/7.3.1/thumb/v7-m/libgcc.a(_aeabi_ldivmod.o)
                0x0000000000003894                __aeabi_ldivmod
 .text          0x0000000000003934       0x30 /usr/bin/../lib/gcc/arm-none-eabi/7.3.1/thumb/v7-m/libgcc.a(_aeabi_uldivmod.o)
                0x0000000000003934                __aeabi_uldivmod
 .text          0x0000000000003964      0x2d0 /usr/bin/../lib/gcc/arm-none-eabi/7.3.1/thumb/v7-m/libgcc.a(_udivmoddi4.o)
                0x0000000000003964                __udivmoddi4
 .text          0x0000000000003c34        0x4 /usr/bin/../lib/gcc/arm-none-eabi/7.3.1/thumb/v7-m/libgcc.a(_dvmd_tls.o)
                0x0000000000003c34                __aeabi_ldiv0
 .text          0x0000000000003c38       0xec /usr/bin/../lib/gcc/arm-none-eabi/7.3.1/../../../../arm-none-eabi/lib/thumb/v7-m/libc.a(lib_a-memcpy.o)
                0x0000000000003c38                memcpy
                0x0000000000003d24                . = ALIGN (0x4)
 *(.glue_7t .glue_7)
 .glue_7        0x0000000000003d24        0x0 linker stubs
 .glue_7t       0x0000000000003d24        0x0 linker stubs
                0x0000000000003d24                . = ALIGN (0x4)
 *(.rodata .rodata.* .gnu.linkonce.r.*)
 .rodata._ZN3due8pin_infoENS_4pinsE.str1.1
                0x0000000000003d24       0x32 coroutine.o
 .rodata._ZZN3due8pin_infoENS_4pinsEE14pin_info_array
                0x0000000000003d56       0xa4 coroutine.o
 *fill*         0x0000000000003dfa        0x2 
 .rodata._ZTVN4rtos8waitableE
                0x0000000000003dfc        0xc rtos.o
                0x0000000000003dfc                vtable for rtos::waitable
 .rodata._ZTVN4rtos4flagE
                0x0000000000003e08        0xc rtos.o
                0x0000000000003e08                vtable for rtos::flag
 .rodata._ZTVN4rtos8callbackE
                0x0000000000003e14       0x10 rtos.o
                0x0000000000003e14                vtable for rtos::callback
 .rodata._ZTVN4rtos12channel_baseE
                0x0000000000003e24        0xc rtos.o
                0x0000000000003e24                vtable for rtos::channel_base
 .rodata._Z15task_trampolinev.str1.1
                0x0000000000003e30       0x2e rtos.o
 .rodata._ZN4rtos12waitable_set17waitable_allocateEv.str1.1
                0x0000000000003e5e       0x1b rtos.o
 .rodata._ZN4rtos3addEPNS_9task_baseE.str1.1
                0x0000000000003e79       0x2e rtos.o
 .rodata._ZN4rtos4beatEv.str1.1
                0x0000000000003ea7       0x3e rtos.o
 .rodata._ZN4rtos5printERN5hwlib7ostreamE.str1.1
                0x0000000000003ee5       0x83 rtos.o
 .rodata._ZN4rtos9task_base5blockEv.str1.1
                0x0000000000003f68       0x49 rtos.o
                                         0x4b (size before relaxing)
 .rodata._ZN4rtos9task_baseC2ER9coroutineILl0EEjPKc.str1.1
                0x0000000000003fb1        0x8 rtos.o
 .rodata._ZNK4rtos12channel_base5printERN5hwlib7ostreamEb.str1.1
                0x0000000000003fb9       0x23 rtos.o
 .rodata._ZNK4rtos12mailbox_base5printERN5hwlib7ostreamEb.str1.1
                0x0000000000003fdc       0x1b rtos.o
 .rodata._ZNK4rtos4flag5printERN5hwlib7ostreamEb.str1.1
                0x0000000000003ff7       0x1e rtos.o
 .rodata._ZNK4rtos5clock5printERN5hwlib7ostreamEb.str1.1
                0x0000000000004015       0x1d rtos.o
 .rodata._ZNK4rtos5eventeqERKS0_.str1.1
                0x0000000000004032       0x21 rtos.o
 .rodata._ZNK4rtos5eventplERKS0_.str1.1
                0x0000000000004053       0x1e rtos.o
 .rodata._ZNK4rtos5mutex5printERN5hwlib7ostreamEb.str1.1
                0x0000000000004071       0x29 rtos.o
 .rodata._ZNK4rtos5timer5printERN5hwlib7ostreamEb.str1.1
                0x000000000000409a       0x13 rtos.o
 .rodata._ZNK4rtos9pool_base5printERN5hwlib7ostreamEb.str1.1
                0x00000000000040ad       0x10 rtos.o
 .rodata._ZNK4rtos9task_base5printERN5hwlib7ostreamEb.str1.1
                0x00000000000040bd       0x39 rtos.o
 *fill*         0x00000000000040f6        0x2 
 .rodata._ZTVN4rtos5clockE
                0x00000000000040f8       0x20 rtos.o
                0x00000000000040f8                vtable for rtos::clock
 .rodata._ZTVN4rtos5timerE
                0x0000000000004118       0x24 rtos.o
                0x0000000000004118                vtable for rtos::timer
 .rodata._ZTVN4rtos9task_baseE
                0x000000000000413c       0x14 rtos.o
                0x000000000000413c                vtable for rtos::task_base
 .rodata._ZTVN5hwlib14pin_in_dummy_tE
                0x0000000000004150       0x10 hwlib.o
                0x0000000000004150                vtable for hwlib::pin_in_dummy_t
 .rodata._ZTVN5hwlib14pin_oc_dummy_tE
                0x0000000000004160       0x18 hwlib.o
                0x0000000000004160                vtable for hwlib::pin_oc_dummy_t
 .rodata._ZTVN5hwlib19port_in_from_pins_tE
                0x0000000000004178       0x14 hwlib.o
                0x0000000000004178                vtable for hwlib::port_in_from_pins_t
 .rodata._ZTVN5hwlib19port_oc_from_pins_tE
                0x000000000000418c       0x1c hwlib.o
                0x000000000000418c                vtable for hwlib::port_oc_from_pins_t
 .rodata._ZTVN5hwlib21port_direct_from_in_tE
                0x00000000000041a8       0x14 hwlib.o
                0x00000000000041a8                vtable for hwlib::port_direct_from_in_t
 .rodata._ZTVN5hwlib21port_direct_from_oc_tE
                0x00000000000041bc       0x1c hwlib.o
                0x00000000000041bc                vtable for hwlib::port_direct_from_oc_t
 .rodata._ZTVN5hwlib20cout_using_uart_putcE
                0x00000000000041d8       0x10 hwlib.o
                0x00000000000041d8                vtable for hwlib::cout_using_uart_putc
 .rodata._ZTVN5hwlib9image_8x8E
                0x00000000000041e8        0xc hwlib.o
                0x00000000000041e8                vtable for hwlib::image_8x8
 .rodata._ZTVN5hwlib14image_invert_tE
                0x00000000000041f4        0xc hwlib.o
                0x00000000000041f4                vtable for hwlib::image_invert_t
 .rodata._ZN5hwlib16font_default_8x86imagesE
                0x0000000000004200      0xa00 hwlib.o
                0x0000000000004200                hwlib::font_default_8x8::images
 .rodata._ZN5hwlibL5blackE
                0x0000000000004c00        0x4 hwlib.o
 .rodata._ZN5hwlibL5whiteE
                0x0000000000004c04        0x4 hwlib.o
 .rodata._ZTVN5hwlib26i2c_bus_bit_banged_scl_sdaE
                0x0000000000004c08       0x34 main.o
                0x0000000000004c08                vtable for hwlib::i2c_bus_bit_banged_scl_sda
 .rodata._ZTVN5hwlib13terminal_fromE
                0x0000000000004c3c       0x20 main.o
                0x0000000000004c3c                vtable for hwlib::terminal_from
 .rodata._ZTVN5hwlib16font_default_8x8E
                0x0000000000004c5c        0xc main.o
                0x0000000000004c5c                vtable for hwlib::font_default_8x8
 .rodata._ZTVN5hwlib29glcd_oled_i2c_128x64_bufferedE
                0x0000000000004c68       0x18 main.o
                0x0000000000004c68                vtable for hwlib::glcd_oled_i2c_128x64_buffered
 .rodata._ZTVN3due6pin_inE
                0x0000000000004c80       0x10 main.o
                0x0000000000004c80                vtable for due::pin_in
 .rodata._ZTVN3due7pin_outE
                0x0000000000004c90       0x10 main.o
                0x0000000000004c90                vtable for due::pin_out
 .rodata._ZTVN3due6pin_ocE
                0x0000000000004ca0       0x18 main.o
                0x0000000000004ca0                vtable for due::pin_oc
 .rodata._ZTVN3due8d2_36kHzE
                0x0000000000004cb8       0x10 main.o
                0x0000000000004cb8                vtable for due::d2_36kHz
 .rodata._ZTVN4rtos4taskILi4096EEE
                0x0000000000004cc8       0x14 main.o
                0x0000000000004cc8                vtable for rtos::task<4096>
 .rodata._ZTVN4rtos7channelISt5arrayIiLj2EELi10EEE
                0x0000000000004cdc        0xc main.o
                0x0000000000004cdc                vtable for rtos::channel<std::array<int, 2u>, 10>
 .rodata._ZTV12display_taak
                0x0000000000004ce8       0x14 main.o
                0x0000000000004ce8                vtable for display_taak
 .rodata._ZTVN5hwlib6keypadILi16EEE
                0x0000000000004cfc       0x14 main.o
                0x0000000000004cfc                vtable for hwlib::keypad<16>
 .rodata._ZTV11invoer_taak
                0x0000000000004d10       0x14 main.o
                0x0000000000004d10                vtable for invoer_taak
 .rodata._ZTV12decoder_taak
                0x0000000000004d24       0x14 main.o
                0x0000000000004d24                vtable for decoder_taak
 .rodata._ZTV16pulse_meter_taak
                0x0000000000004d38       0x14 main.o
                0x0000000000004d38                vtable for pulse_meter_taak
 .rodata._ZTVN4rtos7channelIcLi10EEE
                0x0000000000004d4c        0xc main.o
                0x0000000000004d4c                vtable for rtos::channel<char, 10>
 .rodata._ZTV20game_parameters_taak
                0x0000000000004d58       0x34 main.o
                0x0000000000004d58                vtable for game_parameters_taak
 .rodata._ZTV18transfer_hits_taak
                0x0000000000004d8c       0x24 main.o
                0x0000000000004d8c                vtable for transfer_hits_taak
 .rodata._ZTV9send_taak
                0x0000000000004db0       0x14 main.o
                0x0000000000004db0                vtable for send_taak
 .rodata._ZTV14init_game_taak
                0x0000000000004dc4       0x24 main.o
                0x0000000000004dc4                vtable for init_game_taak
 .rodata._ZTV13run_game_taak
                0x0000000000004de8       0x44 main.o
                0x0000000000004de8                vtable for run_game_taak
 .rodata.CSWTCH.597
                0x0000000000004e2c        0xa main.o
 .rodata._ZN12display_taak4mainEv.str1.1
                0x0000000000004e36       0x28 main.o
 .rodata._ZN18transfer_hits_taak4mainEv.str1.1
                0x0000000000004e5e       0x16 main.o
 .rodata._ZN18transfer_hits_taakC2Ev.str1.1
                0x0000000000004e74       0x33 main.o
                                         0x34 (size before relaxing)
 .rodata._ZN20game_parameters_taak10signal_logEii.str1.1
                0x0000000000004ea7       0x33 main.o
                                          0x2 (size before relaxing)
 .rodata._ZN20game_parameters_taak4mainEv.str1.1
                0x0000000000004ea7       0x51 main.o
 .rodata._ZN4rtos7channelISt5arrayIiLj2EELi10EE4readEv.part.23.str1.1
                0x0000000000004ef8       0x20 main.o
                                         0x34 (size before relaxing)
 .rodata._ZN4rtos8callbackD2Ev.str1.1
                0x0000000000004f18       0x21 main.o
 .rodata._ZN5hwlibL11unspecifiedE
                0x0000000000004f39        0x4 main.o
 .rodata._ZN5hwlibL22ssd1306_initializationE
                0x0000000000004f3d       0x29 main.o
 .rodata._ZN9send_taakC2Ev.str1.1
                0x0000000000004f66       0x41 main.o
 .rodata.main.str1.1
                0x0000000000004fa7      0x144 main.o
                                        0x154 (size before relaxing)
                0x00000000000050ec                . = ALIGN (0x4)
 *fill*         0x00000000000050eb        0x1 
 *(.ARM.extab* .gnu.linkonce.armextab.*)
                0x00000000000050ec                . = ALIGN (0x4)
 *(.gcc_except_table)
                0x00000000000050ec                . = ALIGN (0x4)
 *(.eh_frame_hdr)
                0x00000000000050ec                . = ALIGN (0x4)
 *(.eh_frame)
                0x00000000000050ec                . = ALIGN (0x4)
                0x00000000000050ec                __text_end = .
                [!provide]                        PROVIDE (__text_end = __text_end)

.vfp11_veneer   0x00000000000050ec        0x0
 .vfp11_veneer  0x00000000000050ec        0x0 linker stubs

.v4_bx          0x00000000000050ec        0x0
 .v4_bx         0x00000000000050ec        0x0 linker stubs

.iplt           0x00000000000050ec        0x0
 .iplt          0x00000000000050ec        0x0 coroutine.o

.IF_YOU_SEE_THIS_YOU_HAVE_ONE_OR_MORE_GLOBAL_OBJECT_CONSTRUCTORS
 *(.init)
 *(.preinit_array)
 *(SORT_BY_NAME(.init_array.*))
 *(.init_array)
                0x00000000000050ec                . = ALIGN (0x4)
                0x00000000000050ec                __exidx_start = .
                [!provide]                        PROVIDE (__exidx_start = __exidx_start)

.ARM.exidx      0x00000000000050ec        0x8
 *(.ARM.exidx* .gnu.linkonce.armexidx.*)
 .ARM.exidx     0x00000000000050ec        0x8 /usr/bin/../lib/gcc/arm-none-eabi/7.3.1/thumb/v7-m/libgcc.a(_udivmoddi4.o)

.rel.dyn        0x00000000000050f4        0x0
 .rel.iplt      0x00000000000050f4        0x0 coroutine.o
                0x00000000000050f4                . = ALIGN (0x4)
                0x00000000000050f4                __exidx_end = .
                [!provide]                        PROVIDE (__exidx_end = __exidx_end)

.bss            0x0000000020000000    0x1405c
                0x0000000020000000                . = ALIGN (0x4)
                0x0000000020000000                __stack_start = .
                [!provide]                        PROVIDE (__stack_start = __stack_start)
                0x0000000020000000                . = ALIGN (0x4)
 *(.bmptk_stack)
 .bmptk_stack   0x0000000020000000    0x14000 bmptk_fixed_size_stack.o
                0x0000000020000000                bmptk_stack
                0x0000000020014000                . = ALIGN (0x8)
                0x0000000020014000                __main_stack_end = .
                [!provide]                        PROVIDE (__main_stack_end = __main_stack_end)
                0x0000000020014000                . = ALIGN (0x4)
                0x0000000020014000                __stack_end = .
                [!provide]                        PROVIDE (__stack_end = __stack_end)
                0x0000000020014000                . = ALIGN (0x4)
                0x0000000020014000                __bss_start = .
                [!provide]                        PROVIDE (__bss_start = __bss_start)
                0x0000000020014000                . = ALIGN (0x4)
 *(.bss .bss.* .gnu.linkonce.b.*)
 .bss._ZN17coroutine_context7main_spE
                0x0000000020014000        0x4 coroutine.o
                0x0000000020014000                coroutine_context::main_sp
 *fill*         0x0000000020014004        0x4 
 .bss._ZZN3due9now_ticksEvE4high
                0x0000000020014008        0x8 coroutine.o
 .bss._ZZN3due9now_ticksEvE8last_low
                0x0000000020014010        0x4 coroutine.o
 .bss._ZZN3due9now_ticksEvE9init_done
                0x0000000020014014        0x1 coroutine.o
 .bss._ZN4rtos10must_clearE
                0x0000000020014015        0x1 rtos.o
                0x0000000020014015                rtos::must_clear
 *fill*         0x0000000020014016        0x2 
 .bss._ZN4rtos17rtos_current_taskE
                0x0000000020014018        0x4 rtos.o
                0x0000000020014018                rtos::rtos_current_task
 .bss._ZN4rtos17scheduler_runningE
                0x000000002001401c        0x1 rtos.o
                0x000000002001401c                rtos::scheduler_running
 *fill*         0x000000002001401d        0x3 
 .bss._ZN4rtos5flagsE
                0x0000000020014020        0x4 rtos.o
                0x0000000020014020                rtos::flags
 .bss._ZN4rtos5poolsE
                0x0000000020014024        0x4 rtos.o
                0x0000000020014024                rtos::pools
 .bss._ZN4rtos6clocksE
                0x0000000020014028        0x4 rtos.o
                0x0000000020014028                rtos::clocks
 .bss._ZN4rtos6timersE
                0x000000002001402c        0x4 rtos.o
                0x000000002001402c                rtos::timers
 .bss._ZN4rtos7mutexesE
                0x0000000020014030        0x4 rtos.o
                0x0000000020014030                rtos::mutexes
 .bss._ZN4rtos8channelsE
                0x0000000020014034        0x4 rtos.o
                0x0000000020014034                rtos::channels
 .bss._ZN4rtos8taskListE
                0x0000000020014038        0x4 rtos.o
                0x0000000020014038                rtos::taskList
 .bss._ZN4rtos9mailboxesE
                0x000000002001403c        0x4 rtos.o
                0x000000002001403c                rtos::mailboxes
 .bss._ZN4rtos9timerListE
                0x0000000020014040        0x4 rtos.o
                0x0000000020014040                rtos::timerList
 *fill*         0x0000000020014044        0x4 
 .bss.last_run_time
                0x0000000020014048        0x8 rtos.o
                0x0000000020014048                last_run_time
 .bss._ZN5hwlib10background5firstE
                0x0000000020014050        0x4 hwlib.o
                0x0000000020014050                hwlib::background::first
 .bss._ZN5hwlib10background7currentE
                0x0000000020014054        0x4 hwlib.o
                0x0000000020014054                hwlib::background::current
 .bss._ZN5hwlib10background7runningE
                0x0000000020014058        0x1 hwlib.o
                0x0000000020014058                hwlib::background::running
 .bss._ZZN3due9uart_initEvE9init_done
                0x0000000020014059        0x1 hwlib.o
                0x000000002001405c                . = ALIGN (0x4)
 *fill*         0x000000002001405a        0x2 
 *(COMMON)
                0x000000002001405c                . = ALIGN (0x4)
                0x000000002001405c                __bss_end = .
                [!provide]                        PROVIDE (__bss_end = __bss_end)

.data           0x000000002001405c       0x30 load address 0x00000000000050f4
                0x000000002001405c                . = ALIGN (0x4)
                0x00000000000050f4                __data_init_start = LOADADDR (.data)
                [!provide]                        PROVIDE (__data_init_start = __data_init_start)
                0x000000002001405c                __data_start = .
                [!provide]                        PROVIDE (__data_start = __data_start)
                0x000000002001405c                . = ALIGN (0x4)
 *(.data .data.* .gnu.linkonce.d.*)
 .data._ZN17coroutine_context24current_coroutine_sp_ptrE
                0x000000002001405c        0x4 coroutine.o
                0x000000002001405c                coroutine_context::current_coroutine_sp_ptr
 .data._ZN6sam3xa15SystemCoreClockE
                0x0000000020014060        0x4 coroutine.o
                0x0000000020014060                sam3xa::SystemCoreClock
 .data._ZN3due7hw_uartE
                0x0000000020014064        0x4 hwlib.o
                0x0000000020014064                due::hw_uart
 .data._ZN5hwlib12pin_in_dummyE
                0x0000000020014068        0x4 hwlib.o
                0x0000000020014068                hwlib::pin_in_dummy
 .data._ZN5hwlib12pin_oc_dummyE
                0x000000002001406c        0x4 hwlib.o
                0x000000002001406c                hwlib::pin_oc_dummy
 .data._ZN5hwlib4coutE
                0x0000000020014070       0x14 hwlib.o
                0x0000000020014070                hwlib::cout
 .data._first_free
                0x0000000020014084        0x4 bmptk_heap_bmptk.o
                0x0000000020014084                _first_free
 .data._last_free
                0x0000000020014088        0x4 bmptk_heap_bmptk.o
                0x0000000020014088                _last_free
                0x000000002001408c                . = ALIGN (0x4)
                0x000000002001408c                __data_end = .
                [!provide]                        PROVIDE (__data_end = __data_end)
                0x00000000000050f4                __data_init_end = LOADADDR (.data)
                [!provide]                        PROVIDE (__data_init_end = __data_init_end)
                [!provide]                        PROVIDE (__data_size = (__data_end - __data_start))
                [!provide]                        PROVIDE (__data_init_size = __data_size)
                [!provide]                        PROVIDE (__data_init_end = (__data_init_start + __data_init_size))

.igot.plt       0x000000002001408c        0x0 load address 0x0000000000005124
 .igot.plt      0x000000002001408c        0x0 coroutine.o
                0x000000002001408c                . = ALIGN (0x4)
                0x000000002001408c                __heap_start = .
                [!provide]                        PROVIDE (__heap_start = __heap_start)
                0x000000002001408c                . = ALIGN (0x4)
                0x0000000020018000                __heap_end = __ram_end
                [!provide]                        PROVIDE (__heap_end = __heap_end)

.stab
 *(.stab)

.stabstr
 *(.stabstr)

.debug
 *(.debug)

.line
 *(.line)

.debug_srcinfo
 *(.debug_srcinfo)

.debug_sfnames
 *(.debug_sfnames)

.debug_aranges
 *(.debug_aranges)

.debug_pubnames
 *(.debug_pubnames)

.debug_info
 *(.debug_info .gnu.linkonce.wi.*)

.debug_abbrev
 *(.debug_abbrev)

.debug_line
 *(.debug_line)

.debug_frame    0x0000000000000000       0xa4
 *(.debug_frame)
 .debug_frame   0x0000000000000000       0x44 /usr/bin/../lib/gcc/arm-none-eabi/7.3.1/thumb/v7-m/libgcc.a(_aeabi_ldivmod.o)
 .debug_frame   0x0000000000000044       0x2c /usr/bin/../lib/gcc/arm-none-eabi/7.3.1/thumb/v7-m/libgcc.a(_aeabi_uldivmod.o)
 .debug_frame   0x0000000000000070       0x34 /usr/bin/../lib/gcc/arm-none-eabi/7.3.1/thumb/v7-m/libgcc.a(_udivmoddi4.o)

.comment        0x0000000000000000       0x7f
 .comment       0x0000000000000000       0x7f coroutine.o
                                         0x80 (size before relaxing)
 .comment       0x000000000000007f       0x80 rtos.o
 .comment       0x000000000000007f       0x80 hwlib.o
 .comment       0x000000000000007f       0x80 main.o
 .comment       0x000000000000007f       0x80 bmptk_cortex.o
 .comment       0x000000000000007f       0x80 bmptk_heap_bmptk.o
 .comment       0x000000000000007f       0x80 bmptk_fixed_size_stack.o

.debug_str
 *(.debug_str)

.debug_loc
 *(.debug_loc)

.debug_macinfo
 *(.debug_macinfo)

.debug_weaknames
 *(.debug_weaknames)

.debug_funcnames
 *(.debug_funcnames)

.debug_typenames
 *(.debug_typenames)

.debug_varnames
 *(.debug_varnames)

.note.gnu.arm.ident
 *(.note.gnu.arm.ident)

.ARM.attributes
                0x0000000000000000       0x2f
 *(.ARM.attributes)
 .ARM.attributes
                0x0000000000000000       0x21 switch_to.o
 .ARM.attributes
                0x0000000000000021       0x33 coroutine.o
 .ARM.attributes
                0x0000000000000054       0x33 rtos.o
 .ARM.attributes
                0x0000000000000087       0x33 hwlib.o
 .ARM.attributes
                0x00000000000000ba       0x33 main.o
 .ARM.attributes
                0x00000000000000ed       0x33 bmptk_cortex.o
 .ARM.attributes
                0x0000000000000120       0x33 bmptk_heap_bmptk.o
 .ARM.attributes
                0x0000000000000153       0x33 bmptk_fixed_size_stack.o
 .ARM.attributes
                0x0000000000000186       0x1d /usr/bin/../lib/gcc/arm-none-eabi/7.3.1/thumb/v7-m/libgcc.a(_aeabi_ldivmod.o)
 .ARM.attributes
                0x00000000000001a3       0x1d /usr/bin/../lib/gcc/arm-none-eabi/7.3.1/thumb/v7-m/libgcc.a(_aeabi_uldivmod.o)
 .ARM.attributes
                0x00000000000001c0       0x2d /usr/bin/../lib/gcc/arm-none-eabi/7.3.1/thumb/v7-m/libgcc.a(_udivmoddi4.o)
 .ARM.attributes
                0x00000000000001ed       0x1d /usr/bin/../lib/gcc/arm-none-eabi/7.3.1/thumb/v7-m/libgcc.a(_dvmd_tls.o)
 .ARM.attributes
                0x000000000000020a       0x1b /usr/bin/../lib/gcc/arm-none-eabi/7.3.1/../../../../arm-none-eabi/lib/thumb/v7-m/libc.a(lib_a-memcpy.o)

/DISCARD/
 *(.note.GNU-stack)
                [!provide]                        PROVIDE (__text_size = (__text_end - __text_start))
                [!provide]                        PROVIDE (__exidx_size = (__exidx_end - __exidx_start))
                [!provide]                        PROVIDE (__bss_size = (__bss_end - __bss_start))
                [!provide]                        PROVIDE (__stack_size = (__stack_end - __stack_start))
                [!provide]                        PROVIDE (__heap_size = (__heap_end - __heap_start))
OUTPUT(main.elf elf32-littlearm)
